INFO service started
ERROR connection failed
ERROR invalid token
WARNING slow response
